#
# A fatal error has been detected by the Java Runtime Environment:
#
#  EXCEPTION_ACCESS_VIOLATION (0xc0000005) at pc=0x00007ff8902abae6, pid=11044, tid=2220
#
# JRE version: Java(TM) SE Runtime Environment (23.0.2+7) (build 23.0.2+7-58)
# Java VM: Java HotSpot(TM) 64-Bit Server VM (23.0.2+7-58, mixed mode, sharing, tiered, compressed oops, compressed class ptrs, g1 gc, windows-amd64)
# Problematic frame:
# C  [awt.dll+0xdbae6]
#
# No core dump will be written. Minidumps are not enabled by default on client versions of Windows
#
# If you would like to submit a bug report, please visit:
#   https://bugreport.java.com/bugreport/crash.jsp
# The crash happened outside the Java Virtual Machine in native code.
# See problematic frame for where to report the bug.
#

---------------  S U M M A R Y ------------

Command Line: C:\Users\jorge\Documents\Scoundrel\Scoundrel.exe

Host: AMD Ryzen 5 5500                               , 12 cores, 15G,  Windows 11 , 64 bit Build 26100 (10.0.26100.3323)
Time: Sun Mar 16 11:10:09 2025 Hora estándar romance elapsed time: 1.723909 seconds (0d 0h 0m 1s)

---------------  T H R E A D  ---------------

Current thread (0x000002181d94d570):  JavaThread "AWT-Windows" daemon [_thread_in_native, id=2220, stack(0x000000ce59a00000,0x000000ce59b00000) (1024K)]

Stack: [0x000000ce59a00000,0x000000ce59b00000],  sp=0x000000ce59afe600,  free space=1017k
Native frames: (J=compiled Java code, j=interpreted, Vv=VM code, C=native code)
C  [awt.dll+0xdbae6]  (no source info available)
C  [awt.dll+0x92578]  (no source info available)
C  [awt.dll+0x92ebc]  (no source info available)
C  [awt.dll+0x970d4]  (no source info available)
C  [awt.dll+0xb1275]  (no source info available)
C  [awt.dll+0x94fc6]  (no source info available)
C  [awt.dll+0xe0f7c]  (no source info available)
C  [awt.dll+0xb0d2d]  (no source info available)
C  [awt.dll+0x97e0d]  (no source info available)
C  [USER32.dll+0xb643]  (no source info available)
C  [USER32.dll+0xaf5c]  (no source info available)
C  [awt.dll+0x161c3]  (no source info available)
C  [COMCTL32.dll+0x24b38]  (no source info available)
C  [COMCTL32.dll+0x2490f]  (no source info available)
C  [USER32.dll+0xb643]  (no source info available)
C  [USER32.dll+0x91cd]  (no source info available)
C  [awt.dll+0xd52fe]  (no source info available)
C  [awt.dll+0xd7232]  (no source info available)
C  0x000002180fbbd207  (no source info available)

The last pc belongs to native method entry point (kind = native) (printed below).
Java frames: (J=compiled Java code, j=interpreted, Vv=VM code)
j  sun.awt.windows.WToolkit.eventLoop()V+0 java.desktop@23.0.2
j  sun.awt.windows.WToolkit.run()V+50 java.desktop@23.0.2
j  java.lang.Thread.runWith(Ljava/lang/Object;Ljava/lang/Runnable;)V+5 java.base@23.0.2
j  java.lang.Thread.run()V+19 java.base@23.0.2
v  ~StubRoutines::call_stub 0x000002180fbb0fcd

siginfo: EXCEPTION_ACCESS_VIOLATION (0xc0000005), reading address 0x0000006873756c96


Registers:
RAX=0x0000006873756c66, RBX=0x0000021863730220, RCX=0x0000006873756c66, RDX=0x0000000000000020
RSP=0x000000ce59afe600, RBP=0x0000021863545de0, RSI=0x0000000000000020, RDI=0x0000000000000000
R8 =0x0000000000000001, R9 =0x000000ce58095000, R10=0x0000000000000000, R11=0x000000ce59afe610
R12=0x0000021863545de0, R13=0x000002181d9328f0, R14=0x0000000000000000, R15=0x000002181d94d930
RIP=0x00007ff8902abae6, EFLAGS=0x0000000000010206


Register to memory mapping:

RAX=0x0000006873756c66 is an unknown value
RBX=0x0000021863730220 points into unknown readable memory: 0x00000218634803f0 | f0 03 48 63 18 02 00 00
RCX=0x0000006873756c66 is an unknown value
RDX=0x0000000000000020 is an unknown value
RSP=0x000000ce59afe600 is pointing into the stack for thread: 0x000002181d94d570
RBP=0x0000021863545de0 points into unknown readable memory: 0x00007ff8902dc860 | 60 c8 2d 90 f8 7f 00 00
RSI=0x0000000000000020 is an unknown value
RDI=0x0 is null
R8 =0x0000000000000001 is an unknown value
R9 =0x000000ce58095000 points into unknown readable memory: 0x0000000000000000 | 00 00 00 00 00 00 00 00
R10=0x0 is null
R11=0x000000ce59afe610 is pointing into the stack for thread: 0x000002181d94d570
R12=0x0000021863545de0 points into unknown readable memory: 0x00007ff8902dc860 | 60 c8 2d 90 f8 7f 00 00
R13=0x000002181d9328f0 points into unknown readable memory: 0x0000000711a7e538 | 38 e5 a7 11 07 00 00 00
R14=0x0 is null
R15=0x000002181d94d930 points into unknown readable memory: 0x00007ff889b66e10 | 10 6e b6 89 f8 7f 00 00

Top of Stack: (sp=0x000000ce59afe600)
0x000000ce59afe600:   0000021863730220 0000000000000020
0x000000ce59afe610:   0000000000000000 0000021863730220
0x000000ce59afe620:   0000021863730220 00007ff890262578
0x000000ce59afe630:   00007ff890309838 0000021863545df8
0x000000ce59afe640:   0000000000000020 0000000000000000
0x000000ce59afe650:   00000000000004fc 00007ff890262ebc
0x000000ce59afe660:   0000021863730220 0000021863545df8
0x000000ce59afe670:   0000000000000000 00007ff889285c49
0x000000ce59afe680:   0000000000000000 000000000015059e
0x000000ce59afe690:   000000000000c268 0000000000000000
0x000000ce59afe6a0:   000000000015059e 00007ff889285c49
0x000000ce59afe6b0:   000000ce59afe729 0000000000000000
0x000000ce59afe6c0:   0000000000000048 0000000000000001
0x000000ce59afe6d0:   000004f400000001 0000000000000000
0x000000ce59afe6e0:   000001f700000000 000001959e6eaff5
0x000000ce59afe6f0:   000000ce59afe7d0 0000021863545df8
0x000000ce59afe700:   0000001f00000008 0000000800000008
0x000000ce59afe710:   000007805517934d 0000000000000000
0x000000ce59afe720:   0000000000000000 00000000000104f4
0x000000ce59afe730:   0000000000000000 0000000000000200
0x000000ce59afe740:   0000000000000000 0000000000000001
0x000000ce59afe750:   00000000000004f4 0000021863545de0
0x000000ce59afe760:   0000000000000000 00007ff8902670d4
0x000000ce59afe770:   01db965b98f7f6e3 00007ff800000000
0x000000ce59afe780:   000000000015059e 00007ff8f9d3b871
0x000000ce59afe790:   0000000000000001 0000000000000000
0x000000ce59afe7a0:   0000000000000000 0000000000000000
0x000000ce59afe7b0:   0000000000000000 000000ce59afe7d0
0x000000ce59afe7c0:   0000000000000000 0000021863545de0
0x000000ce59afe7d0:   0000000000000001 00007ff800000200
0x000000ce59afe7e0:   0000000000000000 00000000000104f4
0x000000ce59afe7f0:   000004f4001989a8 0000021800000001 

Instructions: (pc=0x00007ff8902abae6)
0x00007ff8902ab9e6:   c2 f4 ff 48 85 c0 74 62 e8 ad c2 f4 ff 48 8b d8
0x00007ff8902ab9f6:   48 89 44 24 30 8b 68 0c 33 f6 85 ed 7e 43 0f 1f
0x00007ff8902aba06:   40 00 0f 1f 84 00 00 00 00 00 41 b8 01 00 00 00
0x00007ff8902aba16:   8b d6 48 8b cb e8 00 c2 f4 ff 48 8b 78 28 41 b8
0x00007ff8902aba26:   01 00 00 00 8b d6 48 8b cb e8 ec c1 f4 ff 48 8b
0x00007ff8902aba36:   50 30 48 8b cf ff 15 d7 6e 06 00 ff c6 3b f5 7c
0x00007ff8902aba46:   c9 48 8b cb e8 11 c4 f4 ff 90 48 8b 5c 24 38 48
0x00007ff8902aba56:   8b 6c 24 40 48 8b 74 24 48 48 83 c4 20 5f c3 cc
0x00007ff8902aba66:   cc cc cc cc cc cc cc cc cc cc 40 53 48 83 ec 20
0x00007ff8902aba76:   48 8b 41 30 8b 58 04 2b d3 66 0f 6e c2 0f 5b c0
0x00007ff8902aba86:   f3 0f 5e 41 48 0f 5a c8 f2 0f 10 05 42 51 03 00
0x00007ff8902aba96:   f2 0f 5c 0d 6a 51 01 00 66 0f 2f c1 76 0d b8 00
0x00007ff8902abaa6:   00 00 80 03 c3 48 83 c4 20 5b c3 66 0f 2f 0d e7
0x00007ff8902abab6:   9a 02 00 76 0d b8 ff ff ff 7f 03 c3 48 83 c4 20
0x00007ff8902abac6:   5b c3 0f 28 c1 e8 1e 11 01 00 f2 0f 2c c0 03 c3
0x00007ff8902abad6:   48 83 c4 20 5b c3 cc cc cc cc 40 53 48 83 ec 20
0x00007ff8902abae6:   48 8b 41 30 8b 58 08 2b d3 66 0f 6e c2 0f 5b c0
0x00007ff8902abaf6:   f3 0f 5e 41 4c 0f 5a c8 f2 0f 10 05 d2 50 03 00
0x00007ff8902abb06:   f2 0f 5c 0d fa 50 01 00 66 0f 2f c1 76 0d b8 00
0x00007ff8902abb16:   00 00 80 03 c3 48 83 c4 20 5b c3 66 0f 2f 0d 77
0x00007ff8902abb26:   9a 02 00 76 0d b8 ff ff ff 7f 03 c3 48 83 c4 20
0x00007ff8902abb36:   5b c3 0f 28 c1 e8 ae 10 01 00 f2 0f 2c c0 03 c3
0x00007ff8902abb46:   48 83 c4 20 5b c3 cc cc cc cc 48 83 ec 28 66 0f
0x00007ff8902abb56:   6e c2 0f 5b c0 f3 0f 5e 41 48 0f 5a c8 f2 0f 10
0x00007ff8902abb66:   05 6d 50 03 00 f2 0f 5c 0d 95 50 01 00 66 0f 2f
0x00007ff8902abb76:   c1 76 0a b8 00 00 00 80 48 83 c4 28 c3 66 0f 2f
0x00007ff8902abb86:   0d 15 9a 02 00 76 0a b8 ff ff ff 7f 48 83 c4 28
0x00007ff8902abb96:   c3 0f 28 c1 e8 4f 10 01 00 f2 0f 2c c0 48 83 c4
0x00007ff8902abba6:   28 c3 cc cc cc cc cc cc cc cc 48 83 ec 28 66 0f
0x00007ff8902abbb6:   6e c2 0f 5b c0 f3 0f 5e 41 4c 0f 5a c8 f2 0f 10
0x00007ff8902abbc6:   05 0d 50 03 00 f2 0f 5c 0d 35 50 01 00 66 0f 2f
0x00007ff8902abbd6:   c1 76 0a b8 00 00 00 80 48 83 c4 28 c3 66 0f 2f 


Stack slot to memory mapping:

stack at sp + 0 slots: 0x0000021863730220 points into unknown readable memory: 0x00000218634803f0 | f0 03 48 63 18 02 00 00
stack at sp + 1 slots: 0x0000000000000020 is an unknown value
stack at sp + 2 slots: 0x0 is null
stack at sp + 3 slots: 0x0000021863730220 points into unknown readable memory: 0x00000218634803f0 | f0 03 48 63 18 02 00 00
stack at sp + 4 slots: 0x0000021863730220 points into unknown readable memory: 0x00000218634803f0 | f0 03 48 63 18 02 00 00
stack at sp + 5 slots: 0x00007ff890262578 awt.dll
stack at sp + 6 slots: 0x00007ff890309838 awt.dll
stack at sp + 7 slots: 0x0000021863545df8 points into unknown readable memory: 0x00007ff8902c0c20 | 20 0c 2c 90 f8 7f 00 00

Lock stack of current Java thread (top to bottom):

native method entry point (kind = native)  [0x000002180fbbcde0, 0x000002180fbbd938]  2904 bytes
[MachCode]
  0x000002180fbbcde0: 488b 4b08 | 0fb7 492e | 584c 8d74 | ccf8 6800 | 0000 0068 | 0000 0000 | 5055 488b | ec41 5568 
  0x000002180fbbce00: 0000 0000 | 4c8b 6b08 | 4d8d 6d38 | 5348 8b53 | 0848 8b52 | 0848 8b52 | 1848 8b52 | 7048 8b12 
  0x000002180fbbce20: 5248 8b53 | 1048 85d2 | 0f84 0700 | 0000 4881 | c210 0100 | 0052 488b | 5308 488b | 5208 488b 
  0x000002180fbbce40: 5210 5249 | 8bc6 482b | c548 c1e8 | 0350 6800 | 0000 0068 | f7ff ffff | 41c6 8771 | 0400 0001 
  0x000002180fbbce60: 488b 4310 | 4885 c074 | 208b 88cc | 0000 0083 | c102 8988 | cc00 0000 | 2388 e000 | 0000 0f84 
  0x000002180fbbce80: 000a 0000 | e9cf 0000 | 0048 8b43 | 1848 85c0 | 0f85 b000 | 0000 e805 | 0000 00e9 | 9900 0000 
  0x000002180fbbcea0: 488b d348 | 8d44 2408 | 4c89 6dc0 | 498b cfc5 | f877 4989 | afb0 0300 | 0049 8987 | a003 0000 
  0x000002180fbbcec0: 4883 ec20 | 40f6 c40f | 0f84 1900 | 0000 4883 | ec08 48b8 | 8028 3589 | f87f 0000 | ffd0 4883 
  0x000002180fbbcee0: c408 e90c | 0000 0048 | b880 2835 | 89f8 7f00 | 00ff d048 | 83c4 2049 | c787 a003 | 0000 0000 
  0x000002180fbbcf00: 0000 49c7 | 87b0 0300 | 0000 0000 | 0049 c787 | a803 0000 | 0000 0000 | c5f8 7749 | 837f 0800 
  0x000002180fbbcf20: 0f84 0500 | 0000 e995 | 3fff ff4c | 8b6d c04c | 8b75 c84e | 8d74 f500 | c348 8b43 | 1848 85c0 
  0x000002180fbbcf40: 0f84 1200 | 0000 8b48 | 0883 c102 | 8948 0823 | 481c 0f84 | 2c09 0000 | 493b a7e8 | 0400 000f 
  0x000002180fbbcf60: 8748 0000 | 0089 8424 | 00f0 ffff | 8984 2400 | e0ff ff89 | 8424 00d0 | ffff 8984 | 2400 c0ff 
  0x000002180fbbcf80: ff89 8424 | 00b0 ffff | 8984 2400 | a0ff ff89 | 8424 0090 | ffff 8984 | 2400 80ff | ff49 3ba7 
  0x000002180fbbcfa0: e004 0000 | 7607 4989 | a7e8 0400 | 0041 c687 | 7104 0000 | 0049 ba41 | bdbc 89f8 | 7f00 0041 
  0x000002180fbbcfc0: 803a 000f | 843e 0000 | 0048 8b55 | e849 8bcf | 4883 ec20 | 40f6 c40f | 0f84 1900 | 0000 4883 
  0x000002180fbbcfe0: ec08 48b8 | f0f0 6c89 | f87f 0000 | ffd0 4883 | c408 e90c | 0000 0048 | b8f0 f06c | 89f8 7f00 
  0x000002180fbbd000: 00ff d048 | 83c4 2048 | 8b5d e84c | 8b5b 0845 | 0fb7 5b2e | 41c1 e303 | 492b e348 | 83ec 2048 
  0x000002180fbbd020: 83e4 f04c | 8b5b 604d | 85db 0f85 | ab00 0000 | e805 0000 | 00e9 9900 | 0000 488b | d348 8d44 
  0x000002180fbbd040: 2408 4c89 | 6dc0 498b | cfc5 f877 | 4989 afb0 | 0300 0049 | 8987 a003 | 0000 4883 | ec20 40f6 
  0x000002180fbbd060: c40f 0f84 | 1900 0000 | 4883 ec08 | 48b8 e04f | 3589 f87f | 0000 ffd0 | 4883 c408 | e90c 0000 
  0x000002180fbbd080: 0048 b8e0 | 4f35 89f8 | 7f00 00ff | d048 83c4 | 2049 c787 | a003 0000 | 0000 0000 | 49c7 87b0 
  0x000002180fbbd0a0: 0300 0000 | 0000 0049 | c787 a803 | 0000 0000 | 0000 c5f8 | 7749 837f | 0800 0f84 | 0500 0000 
  0x000002180fbbd0c0: e9fb 3dff | ff4c 8b6d | c04c 8b75 | c84e 8d74 | f500 c348 | 8b5d e84c | 8b5b 6041 | ffd3 488b 
  0x000002180fbbd0e0: 5de8 4889 | 4518 448b | 5b28 41f6 | c308 0f84 | 1b00 0000 | 4c8b 5b08 | 4d8b 5b08 | 4d8b 5b18 
  0x000002180fbbd100: 4d8b 5b70 | 4d8b 1b4c | 895d 1048 | 8d55 1048 | 8b43 5849 | ba40 3f6d | 89f8 7f00 | 0049 3bc2 
  0x000002180fbbd120: 0f85 ab00 | 0000 e805 | 0000 00e9 | 9900 0000 | 488b d348 | 8d44 2408 | 4c89 6dc0 | 498b cfc5 
  0x000002180fbbd140: f877 4989 | afb0 0300 | 0049 8987 | a003 0000 | 4883 ec20 | 40f6 c40f | 0f84 1900 | 0000 4883 
  0x000002180fbbd160: ec08 48b8 | e04f 3589 | f87f 0000 | ffd0 4883 | c408 e90c | 0000 0048 | b8e0 4f35 | 89f8 7f00 
  0x000002180fbbd180: 00ff d048 | 83c4 2049 | c787 a003 | 0000 0000 | 0000 49c7 | 87b0 0300 | 0000 0000 | 0049 c787 
  0x000002180fbbd1a0: a803 0000 | 0000 0000 | c5f8 7749 | 837f 0800 | 0f84 0500 | 0000 e905 | 3dff ff4c | 8b6d c04c 
  0x000002180fbbd1c0: 8b75 c84e | 8d74 f500 | c348 8b5d | e848 8b43 | 5849 8d8f | c003 0000 | c5f8 7749 | 89af b003 
  0x000002180fbbd1e0: 0000 49ba | d8d1 bb0f | 1802 0000 | 4d89 97a8 | 0300 0049 | 89a7 a003 | 0000 41c7 | 8744 0400 
  0x000002180fbbd200: 0004 0000 | 00ff d0c5 | f877 4883 | ec10 c5fb | 1104 2448 | 83ec 1048 | 8904 2448 | c744 2408 
  0x000002180fbbd220: 0000 0000 | 41c7 8744 | 0400 0005 | 0000 00f0 | 8344 24c0 | 0049 3baf | 4804 0000 | 0f87 0e00 
  0x000002180fbbd240: 0000 4183 | bf40 0400 | 0000 0f84 | 2000 0000 | 498b cf4c | 8be4 4883 | ec20 4883 | e4f0 48b8 
  0x000002180fbbd260: 80ab 3689 | f87f 0000 | ffd0 498b | e44d 33e4 | 41c7 8744 | 0400 0008 | 0000 0049 | c787 a003 
  0x000002180fbbd280: 0000 0000 | 0000 49c7 | 87b0 0300 | 0000 0000 | 0049 c787 | a803 0000 | 0000 0000 | c5f8 774d 
  0x000002180fbbd2a0: 8b9f 3004 | 0000 41c7 | 8300 0100 | 0000 0000 | 0049 bbda | a5bb 0f18 | 0200 004c | 3b5d 180f 
  0x000002180fbbd2c0: 8524 0200 | 0048 8b04 | 2448 83c4 | 1048 85c0 | 0f84 fe01 | 0000 a803 | 0f85 0800 | 0000 488b 
  0x000002180fbbd2e0: 00e9 ee01 | 0000 a801 | 0f85 0900 | 0000 488b | 40fe e9dd | 0100 0048 | 8b40 ff41 | 807f 3800 
  0x000002180fbbd300: 0f84 ce01 | 0000 4883 | f800 0f84 | c401 0000 | 4d8b 5f28 | 4983 fb00 | 0f84 1400 | 0000 4983 
  0x000002180fbbd320: eb08 4d89 | 5f28 4d03 | 5f30 4989 | 03e9 a201 | 0000 4881 | ecd0 0000 | 0048 8904 | 2448 894c 
  0x000002180fbbd340: 2408 4889 | 5424 1048 | 8974 2418 | 4889 7c24 | 204c 8944 | 2428 4c89 | 4c24 304c | 8954 2438 
  0x000002180fbbd360: 4c89 5c24 | 40c5 fb11 | 4424 50c5 | fb11 4c24 | 58c5 fb11 | 5424 60c5 | fb11 5c24 | 68c5 fb11 
  0x000002180fbbd380: 6424 70c5 | fb11 6c24 | 78c5 fb11 | b424 8000 | 0000 c5fb | 11bc 2488 | 0000 00c5 | 7b11 8424 
  0x000002180fbbd3a0: 9000 0000 | c57b 118c | 2498 0000 | 00c5 7b11 | 9424 a000 | 0000 c57b | 119c 24a8 | 0000 00c5 
  0x000002180fbbd3c0: 7b11 a424 | b000 0000 | c57b 11ac | 24b8 0000 | 00c5 7b11 | b424 c000 | 0000 c57b | 11bc 24c8 
  0x000002180fbbd3e0: 0000 0049 | 8bd7 488b | c848 83ec | 2040 f6c4 | 0f0f 8419 | 0000 0048 | 83ec 0848 | b800 092a 
  0x000002180fbbd400: 89f8 7f00 | 00ff d048 | 83c4 08e9 | 0c00 0000 | 48b8 0009 | 2a89 f87f | 0000 ffd0 | 4883 c420 
  0x000002180fbbd420: c57b 10bc | 24c8 0000 | 00c5 7b10 | b424 c000 | 0000 c57b | 10ac 24b8 | 0000 00c5 | 7b10 a424 
  0x000002180fbbd440: b000 0000 | c57b 109c | 24a8 0000 | 00c5 7b10 | 9424 a000 | 0000 c57b | 108c 2498 | 0000 00c5 
  0x000002180fbbd460: 7b10 8424 | 9000 0000 | c5fb 10bc | 2488 0000 | 00c5 fb10 | b424 8000 | 0000 c5fb | 106c 2478 
  0x000002180fbbd480: c5fb 1064 | 2470 c5fb | 105c 2468 | c5fb 1054 | 2460 c5fb | 104c 2458 | c5fb 1044 | 2450 4c8b 
  0x000002180fbbd4a0: 5c24 404c | 8b54 2438 | 4c8b 4c24 | 304c 8b44 | 2428 488b | 7c24 2048 | 8b74 2418 | 488b 5424 
  0x000002180fbbd4c0: 1048 8b4c | 2408 488b | 0424 4881 | c4d0 0000 | 00c5 f877 | 4889 4510 | 4883 ec10 | 4889 0424 
  0x000002180fbbd4e0: 48c7 4424 | 0800 0000 | 0041 83bf | c804 0000 | 020f 85bf | 0000 0048 | 81ec 8000 | 0000 4889 
  0x000002180fbbd500: 4424 7848 | 894c 2470 | 4889 5424 | 6848 895c | 2460 4889 | 6c24 5048 | 8974 2448 | 4889 7c24 
  0x000002180fbbd520: 404c 8944 | 2438 4c89 | 4c24 304c | 8954 2428 | 4c89 5c24 | 204c 8964 | 2418 4c89 | 6c24 104c 
  0x000002180fbbd540: 8974 2408 | 4c89 3c24 | 4c8b e448 | 83ec 2048 | 83e4 f048 | b8a0 256d | 89f8 7f00 | 00ff d049 
  0x000002180fbbd560: 8be4 4c8b | 3c24 4c8b | 7424 084c | 8b6c 2410 | 4c8b 6424 | 184c 8b5c | 2420 4c8b | 5424 284c 
  0x000002180fbbd580: 8b4c 2430 | 4c8b 4424 | 3848 8b7c | 2440 488b | 7424 4848 | 8b6c 2450 | 488b 5c24 | 6048 8b54 
  0x000002180fbbd5a0: 2468 488b | 4c24 7048 | 8b44 2478 | 4881 c480 | 0000 004d | 33e4 488b | 5de8 4c8b | 6b08 4d8d 
  0x000002180fbbd5c0: 6d38 4983 | 7f08 000f | 84bb 0000 | 00e8 0500 | 0000 e996 | 0000 0048 | 8d44 2408 | 4c89 6dc0 
  0x000002180fbbd5e0: 498b cfc5 | f877 4989 | afb0 0300 | 0049 8987 | a003 0000 | 4883 ec20 | 40f6 c40f | 0f84 1900 
  0x000002180fbbd600: 0000 4883 | ec08 48b8 | f06d 3589 | f87f 0000 | ffd0 4883 | c408 e90c | 0000 0048 | b8f0 6d35 
  0x000002180fbbd620: 89f8 7f00 | 00ff d048 | 83c4 2049 | c787 a003 | 0000 0000 | 0000 49c7 | 87b0 0300 | 0000 0000 
  0x000002180fbbd640: 0049 c787 | a803 0000 | 0000 0000 | c5f8 7749 | 837f 0800 | 0f84 0500 | 0000 e961 | 38ff ff4c 
  0x000002180fbbd660: 8b6d c04c | 8b75 c84e | 8d74 f500 | c348 b940 | e594 89f8 | 7f00 0048 | 83e4 f048 | b850 4d5b 
  0x000002180fbbd680: 89f8 7f00 | 00ff d0f4 | 448b 5b28 | 41f6 c320 | 0f84 7901 | 0000 488d | 55a8 4c8b | 5a08 4d85 
  0x000002180fbbd6a0: db0f 85bb | 0000 00e8 | 0500 0000 | e996 0000 | 0048 8d44 | 2408 4c89 | 6dc0 498b | cfc5 f877 
  0x000002180fbbd6c0: 4989 afb0 | 0300 0049 | 8987 a003 | 0000 4883 | ec20 40f6 | c40f 0f84 | 1900 0000 | 4883 ec08 
  0x000002180fbbd6e0: 48b8 206d | 3589 f87f | 0000 ffd0 | 4883 c408 | e90c 0000 | 0048 b820 | 6d35 89f8 | 7f00 00ff 
  0x000002180fbbd700: d048 83c4 | 2049 c787 | a003 0000 | 0000 0000 | 49c7 87b0 | 0300 0000 | 0000 0049 | c787 a803 
  0x000002180fbbd720: 0000 0000 | 0000 c5f8 | 7749 837f | 0800 0f84 | 0500 0000 | e987 37ff | ff4c 8b6d | c04c 8b75 
  0x000002180fbbd740: c84e 8d74 | f500 c348 | b940 e594 | 89f8 7f00 | 0048 83e4 | f048 b850 | 4d5b 89f8 | 7f00 00ff 
  0x000002180fbbd760: d0f4 4c89 | 6dc0 4c8b | 4a08 48c7 | 4208 0000 | 0000 458b | 8718 0600 | 004f 3b4c | 07f8 0f85 
  0x000002180fbbd780: 4900 0000 | 4183 af18 | 0600 0008 | 4f3b 4c07 | f00f 842a | 0000 0049 | 8b01 a802 | 0f85 1200 
  0x000002180fbbd7a0: 0000 4c8b | c049 83c8 | 01f0 4d0f | b101 0f84 | 0d00 0000 | 4183 8718 | 0600 0008 | e90c 0000 
  0x000002180fbbd7c0: 0049 ff8f | 5005 0000 | e93e 0000 | 004c 894a | 0848 8bca | 4883 ec20 | 40f6 c40f | 0f84 1900 
  0x000002180fbbd7e0: 0000 4883 | ec08 48b8 | e03f 3589 | f87f 0000 | ffd0 4883 | c408 e90c | 0000 0048 | b8e0 3f35 
  0x000002180fbbd800: 89f8 7f00 | 00ff d048 | 83c4 204c | 8b6d c049 | ba41 bdbc | 89f8 7f00 | 0041 803a | 000f 843e 
  0x000002180fbbd820: 0000 0048 | 8b55 e849 | 8bcf 4883 | ec20 40f6 | c40f 0f84 | 1900 0000 | 4883 ec08 | 48b8 f0f0 
  0x000002180fbbd840: 6c89 f87f | 0000 ffd0 | 4883 c408 | e90c 0000 | 0048 b8f0 | f06c 89f8 | 7f00 00ff | d048 83c4 
  0x000002180fbbd860: 2048 8b04 | 2448 83c4 | 10c5 fb10 | 0424 4883 | c410 4c8b | 5d18 41ff | d34c 8b5d | f8c9 5f49 
  0x000002180fbbd880: 8be3 ffe7 | ba00 0000 | 00e8 0500 | 0000 e996 | 0000 0048 | 8d44 2408 | 4c89 6dc0 | 498b cfc5 
  0x000002180fbbd8a0: f877 4989 | afb0 0300 | 0049 8987 | a003 0000 | 4883 ec20 | 40f6 c40f | 0f84 1900 | 0000 4883 
  0x000002180fbbd8c0: ec08 48b8 | 9033 3589 | f87f 0000 | ffd0 4883 | c408 e90c | 0000 0048 | b890 3335 | 89f8 7f00 
  0x000002180fbbd8e0: 00ff d048 | 83c4 2049 | c787 a003 | 0000 0000 | 0000 49c7 | 87b0 0300 | 0000 0000 | 0049 c787 
  0x000002180fbbd900: a803 0000 | 0000 0000 | c5f8 7749 | 837f 0800 | 0f84 0500 | 0000 e9a5 | 35ff ff4c | 8b6d c04c 
  0x000002180fbbd920: 8b75 c84e | 8d74 f500 | c348 8b5d | e8e9 26f6 | ffff 660f | 1f44 0000 
[/MachCode]

---------------  P R O C E S S  ---------------

Threads class SMR info:
_java_thread_list=0x0000021863713820, length=19, elements={
0x000002187ef8db90, 0x000002187ef93280, 0x000002187ef94e60, 0x000002187ef95f90,
0x000002187efa0190, 0x000002187efa19c0, 0x000002187efb0d10, 0x000002187efb18f0,
0x000002181d7d37c0, 0x000002181d7d4e60, 0x000002181d940910, 0x000002181d9497d0,
0x000002181d94d570, 0x0000021863447c80, 0x0000021863528880, 0x0000021863546080,
0x00000218635f4330, 0x00000218636565a0, 0x00000218636fe910
}

Java Threads: ( => current thread )
  0x000002187ef8db90 JavaThread "Reference Handler"          daemon [_thread_blocked, id=8132, stack(0x000000ce58e00000,0x000000ce58f00000) (1024K)]
  0x000002187ef93280 JavaThread "Finalizer"                  daemon [_thread_blocked, id=11720, stack(0x000000ce58f00000,0x000000ce59000000) (1024K)]
  0x000002187ef94e60 JavaThread "Signal Dispatcher"          daemon [_thread_blocked, id=11172, stack(0x000000ce59000000,0x000000ce59100000) (1024K)]
  0x000002187ef95f90 JavaThread "Attach Listener"            daemon [_thread_blocked, id=13328, stack(0x000000ce59100000,0x000000ce59200000) (1024K)]
  0x000002187efa0190 JavaThread "Service Thread"             daemon [_thread_blocked, id=4312, stack(0x000000ce59200000,0x000000ce59300000) (1024K)]
  0x000002187efa19c0 JavaThread "Monitor Deflation Thread"   daemon [_thread_blocked, id=6504, stack(0x000000ce59300000,0x000000ce59400000) (1024K)]
  0x000002187efb0d10 JavaThread "C2 CompilerThread0"         daemon [_thread_blocked, id=2744, stack(0x000000ce59400000,0x000000ce59500000) (1024K)]
  0x000002187efb18f0 JavaThread "C1 CompilerThread0"         daemon [_thread_blocked, id=1628, stack(0x000000ce59500000,0x000000ce59600000) (1024K)]
  0x000002181d7d37c0 JavaThread "Notification Thread"        daemon [_thread_blocked, id=7296, stack(0x000000ce59600000,0x000000ce59700000) (1024K)]
  0x000002181d7d4e60 JavaThread "Common-Cleaner"             daemon [_thread_blocked, id=15500, stack(0x000000ce59700000,0x000000ce59800000) (1024K)]
  0x000002181d940910 JavaThread "Java2D Disposer"            daemon [_thread_blocked, id=11572, stack(0x000000ce59800000,0x000000ce59900000) (1024K)]
  0x000002181d9497d0 JavaThread "AWT-Shutdown"                      [_thread_blocked, id=10868, stack(0x000000ce59900000,0x000000ce59a00000) (1024K)]
=>0x000002181d94d570 JavaThread "AWT-Windows"                daemon [_thread_in_native, id=2220, stack(0x000000ce59a00000,0x000000ce59b00000) (1024K)]
  0x0000021863447c80 JavaThread "Image Fetcher 0"            daemon [_thread_blocked, id=11944, stack(0x000000ce59d00000,0x000000ce59e00000) (1024K)]
  0x0000021863528880 JavaThread "Thread-0"                          [_thread_blocked, id=6968, stack(0x000000ce59e00000,0x000000ce59f00000) (1024K)]
  0x0000021863546080 JavaThread "AWT-EventQueue-0"                  [_thread_in_native, id=2952, stack(0x000000ce59f00000,0x000000ce5a000000) (1024K)]
  0x00000218635f4330 JavaThread "Java Sound Event Dispatcher" daemon [_thread_blocked, id=12236, stack(0x000000ce5a000000,0x000000ce5a100000) (1024K)]
  0x00000218636565a0 JavaThread "Direct Clip"                daemon [_thread_blocked, id=9472, stack(0x000000ce5a400000,0x000000ce5a500000) (1024K)]
  0x00000218636fe910 JavaThread "DestroyJavaVM"                     [_thread_blocked, id=4488, stack(0x000000ce58600000,0x000000ce58700000) (1024K)]
Total: 19

Other Threads:
  0x000002187ef72620 VMThread "VM Thread"                           [id=11164, stack(0x000000ce58d00000,0x000000ce58e00000) (1024K)]
  0x000002187ef60530 WatcherThread "VM Periodic Task Thread"        [id=15008, stack(0x000000ce58c00000,0x000000ce58d00000) (1024K)]
  0x000002187cd80960 WorkerThread "GC Thread#0"                     [id=13192, stack(0x000000ce58700000,0x000000ce58800000) (1024K)]
  0x000002187cd975c0 ConcurrentGCThread "G1 Main Marker"            [id=4048, stack(0x000000ce58800000,0x000000ce58900000) (1024K)]
  0x000002187cd98870 WorkerThread "G1 Conc#0"                       [id=5360, stack(0x000000ce58900000,0x000000ce58a00000) (1024K)]
  0x000002187ee32080 ConcurrentGCThread "G1 Refine#0"               [id=9908, stack(0x000000ce58a00000,0x000000ce58b00000) (1024K)]
  0x000002187ee328b0 ConcurrentGCThread "G1 Service"                [id=220, stack(0x000000ce58b00000,0x000000ce58c00000) (1024K)]
Total: 7

Threads with active compile tasks:
Total: 0

VM state: not at safepoint (normal execution)

VM Mutex/Monitor currently owned by a thread: None

Heap address: 0x0000000702000000, size: 4064 MB, Compressed Oops mode: Zero based, Oop shift amount: 3

CDS archive(s) mapped at: [0x000002181e000000-0x000002181ed70000-0x000002181ed70000), size 14090240, SharedBaseAddress: 0x000002181e000000, ArchiveRelocationMode: 1.
Compressed class space mapped at: 0x000002181f000000-0x000002185f000000, reserved size: 1073741824
Narrow klass base: 0x000002181e000000, Narrow klass shift: 0, Narrow klass range: 0x41000000

GC Precious Log:
 CardTable entry size: 512
 Card Set container configuration: InlinePtr #cards 4 size 8 Array Of Cards #cards 16 size 48 Howl #buckets 8 coarsen threshold 3686 Howl Bitmap #cards 512 size 80 coarsen threshold 460 Card regions per heap region 1 cards per card region 4096
 CPUs: 12 total, 12 available
 Memory: 16251M
 Large Page Support: Disabled
 NUMA Support: Disabled
 Compressed Oops: Enabled (Zero based)
 Heap Region Size: 2M
 Heap Min Capacity: 8M
 Heap Initial Capacity: 254M
 Heap Max Capacity: 4064M
 Pre-touch: Disabled
 Parallel Workers: 10
 Concurrent Workers: 3
 Concurrent Refinement Workers: 10
 Periodic GC: Disabled

Heap:
 garbage-first heap   total reserved 4161536K, committed 260096K, used 36864K [0x0000000702000000, 0x0000000800000000)
  region size 2048K, 7 young (14336K), 0 survivors (0K)
 Metaspace       used 8106K, committed 8320K, reserved 1114112K
  class space    used 886K, committed 1024K, reserved 1048576K

Heap Regions: E=young(eden), S=young(survivor), O=old, HS=humongous(starts), HC=humongous(continues), CS=collection set, F=free, TAMS=top-at-mark-start, PB=parsable bottom
|   0|0x0000000702000000, 0x0000000702200000, 0x0000000702200000|100%|HS|  |TAMS 0x0000000702000000| PB 0x0000000702000000| Complete |  0
|   1|0x0000000702200000, 0x0000000702400000, 0x0000000702400000|100%|HC|  |TAMS 0x0000000702200000| PB 0x0000000702200000| Complete |  0
|   2|0x0000000702400000, 0x0000000702600000, 0x0000000702600000|100%|HC|  |TAMS 0x0000000702400000| PB 0x0000000702400000| Complete |  0
|   3|0x0000000702600000, 0x0000000702800000, 0x0000000702800000|100%|HC|  |TAMS 0x0000000702600000| PB 0x0000000702600000| Complete |  0
|   4|0x0000000702800000, 0x0000000702a00000, 0x0000000702a00000|100%|HC|  |TAMS 0x0000000702800000| PB 0x0000000702800000| Complete |  0
|   5|0x0000000702a00000, 0x0000000702c00000, 0x0000000702c00000|100%|HC|  |TAMS 0x0000000702a00000| PB 0x0000000702a00000| Complete |  0
|   6|0x0000000702c00000, 0x0000000702e00000, 0x0000000702e00000|100%|HC|  |TAMS 0x0000000702c00000| PB 0x0000000702c00000| Complete |  0
|   7|0x0000000702e00000, 0x0000000703000000, 0x0000000703000000|100%|HC|  |TAMS 0x0000000702e00000| PB 0x0000000702e00000| Complete |  0
|   8|0x0000000703000000, 0x0000000703200000, 0x0000000703200000|100%|HC|  |TAMS 0x0000000703000000| PB 0x0000000703000000| Complete |  0
|   9|0x0000000703200000, 0x0000000703400000, 0x0000000703400000|100%|HC|  |TAMS 0x0000000703200000| PB 0x0000000703200000| Complete |  0
|  10|0x0000000703400000, 0x0000000703600000, 0x0000000703600000|100%|HC|  |TAMS 0x0000000703400000| PB 0x0000000703400000| Complete |  0
|  11|0x0000000703600000, 0x0000000703800000, 0x0000000703800000|100%|HS|  |TAMS 0x0000000703600000| PB 0x0000000703600000| Complete |  0
|  12|0x0000000703800000, 0x0000000703a00000, 0x0000000703a00000|100%|HC|  |TAMS 0x0000000703800000| PB 0x0000000703800000| Complete |  0
|  13|0x0000000703a00000, 0x0000000703a00000, 0x0000000703c00000|  0%| F|  |TAMS 0x0000000703a00000| PB 0x0000000703a00000| Untracked |  0
|  14|0x0000000703c00000, 0x0000000703c00000, 0x0000000703e00000|  0%| F|  |TAMS 0x0000000703c00000| PB 0x0000000703c00000| Untracked |  0
|  15|0x0000000703e00000, 0x0000000703e00000, 0x0000000704000000|  0%| F|  |TAMS 0x0000000703e00000| PB 0x0000000703e00000| Untracked |  0
|  16|0x0000000704000000, 0x0000000704000000, 0x0000000704200000|  0%| F|  |TAMS 0x0000000704000000| PB 0x0000000704000000| Untracked |  0
|  17|0x0000000704200000, 0x0000000704200000, 0x0000000704400000|  0%| F|  |TAMS 0x0000000704200000| PB 0x0000000704200000| Untracked |  0
|  18|0x0000000704400000, 0x0000000704400000, 0x0000000704600000|  0%| F|  |TAMS 0x0000000704400000| PB 0x0000000704400000| Untracked |  0
|  19|0x0000000704600000, 0x0000000704600000, 0x0000000704800000|  0%| F|  |TAMS 0x0000000704600000| PB 0x0000000704600000| Untracked |  0
|  20|0x0000000704800000, 0x0000000704800000, 0x0000000704a00000|  0%| F|  |TAMS 0x0000000704800000| PB 0x0000000704800000| Untracked |  0
|  21|0x0000000704a00000, 0x0000000704a00000, 0x0000000704c00000|  0%| F|  |TAMS 0x0000000704a00000| PB 0x0000000704a00000| Untracked |  0
|  22|0x0000000704c00000, 0x0000000704c00000, 0x0000000704e00000|  0%| F|  |TAMS 0x0000000704c00000| PB 0x0000000704c00000| Untracked |  0
|  23|0x0000000704e00000, 0x0000000704e00000, 0x0000000705000000|  0%| F|  |TAMS 0x0000000704e00000| PB 0x0000000704e00000| Untracked |  0
|  24|0x0000000705000000, 0x0000000705000000, 0x0000000705200000|  0%| F|  |TAMS 0x0000000705000000| PB 0x0000000705000000| Untracked |  0
|  25|0x0000000705200000, 0x0000000705200000, 0x0000000705400000|  0%| F|  |TAMS 0x0000000705200000| PB 0x0000000705200000| Untracked |  0
|  26|0x0000000705400000, 0x0000000705400000, 0x0000000705600000|  0%| F|  |TAMS 0x0000000705400000| PB 0x0000000705400000| Untracked |  0
|  27|0x0000000705600000, 0x0000000705600000, 0x0000000705800000|  0%| F|  |TAMS 0x0000000705600000| PB 0x0000000705600000| Untracked |  0
|  28|0x0000000705800000, 0x0000000705800000, 0x0000000705a00000|  0%| F|  |TAMS 0x0000000705800000| PB 0x0000000705800000| Untracked |  0
|  29|0x0000000705a00000, 0x0000000705a00000, 0x0000000705c00000|  0%| F|  |TAMS 0x0000000705a00000| PB 0x0000000705a00000| Untracked |  0
|  30|0x0000000705c00000, 0x0000000705c00000, 0x0000000705e00000|  0%| F|  |TAMS 0x0000000705c00000| PB 0x0000000705c00000| Untracked |  0
|  31|0x0000000705e00000, 0x0000000705e00000, 0x0000000706000000|  0%| F|  |TAMS 0x0000000705e00000| PB 0x0000000705e00000| Untracked |  0
|  32|0x0000000706000000, 0x0000000706000000, 0x0000000706200000|  0%| F|  |TAMS 0x0000000706000000| PB 0x0000000706000000| Untracked |  0
|  33|0x0000000706200000, 0x0000000706200000, 0x0000000706400000|  0%| F|  |TAMS 0x0000000706200000| PB 0x0000000706200000| Untracked |  0
|  34|0x0000000706400000, 0x0000000706400000, 0x0000000706600000|  0%| F|  |TAMS 0x0000000706400000| PB 0x0000000706400000| Untracked |  0
|  35|0x0000000706600000, 0x0000000706600000, 0x0000000706800000|  0%| F|  |TAMS 0x0000000706600000| PB 0x0000000706600000| Untracked |  0
|  36|0x0000000706800000, 0x0000000706800000, 0x0000000706a00000|  0%| F|  |TAMS 0x0000000706800000| PB 0x0000000706800000| Untracked |  0
|  37|0x0000000706a00000, 0x0000000706a00000, 0x0000000706c00000|  0%| F|  |TAMS 0x0000000706a00000| PB 0x0000000706a00000| Untracked |  0
|  38|0x0000000706c00000, 0x0000000706c00000, 0x0000000706e00000|  0%| F|  |TAMS 0x0000000706c00000| PB 0x0000000706c00000| Untracked |  0
|  39|0x0000000706e00000, 0x0000000706e00000, 0x0000000707000000|  0%| F|  |TAMS 0x0000000706e00000| PB 0x0000000706e00000| Untracked |  0
|  40|0x0000000707000000, 0x0000000707000000, 0x0000000707200000|  0%| F|  |TAMS 0x0000000707000000| PB 0x0000000707000000| Untracked |  0
|  41|0x0000000707200000, 0x0000000707200000, 0x0000000707400000|  0%| F|  |TAMS 0x0000000707200000| PB 0x0000000707200000| Untracked |  0
|  42|0x0000000707400000, 0x0000000707400000, 0x0000000707600000|  0%| F|  |TAMS 0x0000000707400000| PB 0x0000000707400000| Untracked |  0
|  43|0x0000000707600000, 0x0000000707600000, 0x0000000707800000|  0%| F|  |TAMS 0x0000000707600000| PB 0x0000000707600000| Untracked |  0
|  44|0x0000000707800000, 0x0000000707800000, 0x0000000707a00000|  0%| F|  |TAMS 0x0000000707800000| PB 0x0000000707800000| Untracked |  0
|  45|0x0000000707a00000, 0x0000000707a00000, 0x0000000707c00000|  0%| F|  |TAMS 0x0000000707a00000| PB 0x0000000707a00000| Untracked |  0
|  46|0x0000000707c00000, 0x0000000707c00000, 0x0000000707e00000|  0%| F|  |TAMS 0x0000000707c00000| PB 0x0000000707c00000| Untracked |  0
|  47|0x0000000707e00000, 0x0000000707e00000, 0x0000000708000000|  0%| F|  |TAMS 0x0000000707e00000| PB 0x0000000707e00000| Untracked |  0
|  48|0x0000000708000000, 0x0000000708000000, 0x0000000708200000|  0%| F|  |TAMS 0x0000000708000000| PB 0x0000000708000000| Untracked |  0
|  49|0x0000000708200000, 0x0000000708200000, 0x0000000708400000|  0%| F|  |TAMS 0x0000000708200000| PB 0x0000000708200000| Untracked |  0
|  50|0x0000000708400000, 0x0000000708400000, 0x0000000708600000|  0%| F|  |TAMS 0x0000000708400000| PB 0x0000000708400000| Untracked |  0
|  51|0x0000000708600000, 0x0000000708600000, 0x0000000708800000|  0%| F|  |TAMS 0x0000000708600000| PB 0x0000000708600000| Untracked |  0
|  52|0x0000000708800000, 0x0000000708800000, 0x0000000708a00000|  0%| F|  |TAMS 0x0000000708800000| PB 0x0000000708800000| Untracked |  0
|  53|0x0000000708a00000, 0x0000000708a00000, 0x0000000708c00000|  0%| F|  |TAMS 0x0000000708a00000| PB 0x0000000708a00000| Untracked |  0
|  54|0x0000000708c00000, 0x0000000708c00000, 0x0000000708e00000|  0%| F|  |TAMS 0x0000000708c00000| PB 0x0000000708c00000| Untracked |  0
|  55|0x0000000708e00000, 0x0000000708e00000, 0x0000000709000000|  0%| F|  |TAMS 0x0000000708e00000| PB 0x0000000708e00000| Untracked |  0
|  56|0x0000000709000000, 0x0000000709000000, 0x0000000709200000|  0%| F|  |TAMS 0x0000000709000000| PB 0x0000000709000000| Untracked |  0
|  57|0x0000000709200000, 0x0000000709200000, 0x0000000709400000|  0%| F|  |TAMS 0x0000000709200000| PB 0x0000000709200000| Untracked |  0
|  58|0x0000000709400000, 0x0000000709400000, 0x0000000709600000|  0%| F|  |TAMS 0x0000000709400000| PB 0x0000000709400000| Untracked |  0
|  59|0x0000000709600000, 0x0000000709600000, 0x0000000709800000|  0%| F|  |TAMS 0x0000000709600000| PB 0x0000000709600000| Untracked |  0
|  60|0x0000000709800000, 0x0000000709800000, 0x0000000709a00000|  0%| F|  |TAMS 0x0000000709800000| PB 0x0000000709800000| Untracked |  0
|  61|0x0000000709a00000, 0x0000000709a00000, 0x0000000709c00000|  0%| F|  |TAMS 0x0000000709a00000| PB 0x0000000709a00000| Untracked |  0
|  62|0x0000000709c00000, 0x0000000709c00000, 0x0000000709e00000|  0%| F|  |TAMS 0x0000000709c00000| PB 0x0000000709c00000| Untracked |  0
|  63|0x0000000709e00000, 0x0000000709e00000, 0x000000070a000000|  0%| F|  |TAMS 0x0000000709e00000| PB 0x0000000709e00000| Untracked |  0
|  64|0x000000070a000000, 0x000000070a000000, 0x000000070a200000|  0%| F|  |TAMS 0x000000070a000000| PB 0x000000070a000000| Untracked |  0
|  65|0x000000070a200000, 0x000000070a200000, 0x000000070a400000|  0%| F|  |TAMS 0x000000070a200000| PB 0x000000070a200000| Untracked |  0
|  66|0x000000070a400000, 0x000000070a400000, 0x000000070a600000|  0%| F|  |TAMS 0x000000070a400000| PB 0x000000070a400000| Untracked |  0
|  67|0x000000070a600000, 0x000000070a600000, 0x000000070a800000|  0%| F|  |TAMS 0x000000070a600000| PB 0x000000070a600000| Untracked |  0
|  68|0x000000070a800000, 0x000000070a800000, 0x000000070aa00000|  0%| F|  |TAMS 0x000000070a800000| PB 0x000000070a800000| Untracked |  0
|  69|0x000000070aa00000, 0x000000070aa00000, 0x000000070ac00000|  0%| F|  |TAMS 0x000000070aa00000| PB 0x000000070aa00000| Untracked |  0
|  70|0x000000070ac00000, 0x000000070ac00000, 0x000000070ae00000|  0%| F|  |TAMS 0x000000070ac00000| PB 0x000000070ac00000| Untracked |  0
|  71|0x000000070ae00000, 0x000000070ae00000, 0x000000070b000000|  0%| F|  |TAMS 0x000000070ae00000| PB 0x000000070ae00000| Untracked |  0
|  72|0x000000070b000000, 0x000000070b000000, 0x000000070b200000|  0%| F|  |TAMS 0x000000070b000000| PB 0x000000070b000000| Untracked |  0
|  73|0x000000070b200000, 0x000000070b200000, 0x000000070b400000|  0%| F|  |TAMS 0x000000070b200000| PB 0x000000070b200000| Untracked |  0
|  74|0x000000070b400000, 0x000000070b400000, 0x000000070b600000|  0%| F|  |TAMS 0x000000070b400000| PB 0x000000070b400000| Untracked |  0
|  75|0x000000070b600000, 0x000000070b600000, 0x000000070b800000|  0%| F|  |TAMS 0x000000070b600000| PB 0x000000070b600000| Untracked |  0
|  76|0x000000070b800000, 0x000000070b800000, 0x000000070ba00000|  0%| F|  |TAMS 0x000000070b800000| PB 0x000000070b800000| Untracked |  0
|  77|0x000000070ba00000, 0x000000070ba00000, 0x000000070bc00000|  0%| F|  |TAMS 0x000000070ba00000| PB 0x000000070ba00000| Untracked |  0
|  78|0x000000070bc00000, 0x000000070bc00000, 0x000000070be00000|  0%| F|  |TAMS 0x000000070bc00000| PB 0x000000070bc00000| Untracked |  0
|  79|0x000000070be00000, 0x000000070be00000, 0x000000070c000000|  0%| F|  |TAMS 0x000000070be00000| PB 0x000000070be00000| Untracked |  0
|  80|0x000000070c000000, 0x000000070c000000, 0x000000070c200000|  0%| F|  |TAMS 0x000000070c000000| PB 0x000000070c000000| Untracked |  0
|  81|0x000000070c200000, 0x000000070c200000, 0x000000070c400000|  0%| F|  |TAMS 0x000000070c200000| PB 0x000000070c200000| Untracked |  0
|  82|0x000000070c400000, 0x000000070c400000, 0x000000070c600000|  0%| F|  |TAMS 0x000000070c400000| PB 0x000000070c400000| Untracked |  0
|  83|0x000000070c600000, 0x000000070c600000, 0x000000070c800000|  0%| F|  |TAMS 0x000000070c600000| PB 0x000000070c600000| Untracked |  0
|  84|0x000000070c800000, 0x000000070c800000, 0x000000070ca00000|  0%| F|  |TAMS 0x000000070c800000| PB 0x000000070c800000| Untracked |  0
|  85|0x000000070ca00000, 0x000000070ca00000, 0x000000070cc00000|  0%| F|  |TAMS 0x000000070ca00000| PB 0x000000070ca00000| Untracked |  0
|  86|0x000000070cc00000, 0x000000070cc00000, 0x000000070ce00000|  0%| F|  |TAMS 0x000000070cc00000| PB 0x000000070cc00000| Untracked |  0
|  87|0x000000070ce00000, 0x000000070ce00000, 0x000000070d000000|  0%| F|  |TAMS 0x000000070ce00000| PB 0x000000070ce00000| Untracked |  0
|  88|0x000000070d000000, 0x000000070d000000, 0x000000070d200000|  0%| F|  |TAMS 0x000000070d000000| PB 0x000000070d000000| Untracked |  0
|  89|0x000000070d200000, 0x000000070d200000, 0x000000070d400000|  0%| F|  |TAMS 0x000000070d200000| PB 0x000000070d200000| Untracked |  0
|  90|0x000000070d400000, 0x000000070d400000, 0x000000070d600000|  0%| F|  |TAMS 0x000000070d400000| PB 0x000000070d400000| Untracked |  0
|  91|0x000000070d600000, 0x000000070d600000, 0x000000070d800000|  0%| F|  |TAMS 0x000000070d600000| PB 0x000000070d600000| Untracked |  0
|  92|0x000000070d800000, 0x000000070d800000, 0x000000070da00000|  0%| F|  |TAMS 0x000000070d800000| PB 0x000000070d800000| Untracked |  0
|  93|0x000000070da00000, 0x000000070da00000, 0x000000070dc00000|  0%| F|  |TAMS 0x000000070da00000| PB 0x000000070da00000| Untracked |  0
|  94|0x000000070dc00000, 0x000000070dc00000, 0x000000070de00000|  0%| F|  |TAMS 0x000000070dc00000| PB 0x000000070dc00000| Untracked |  0
|  95|0x000000070de00000, 0x000000070de00000, 0x000000070e000000|  0%| F|  |TAMS 0x000000070de00000| PB 0x000000070de00000| Untracked |  0
|  96|0x000000070e000000, 0x000000070e000000, 0x000000070e200000|  0%| F|  |TAMS 0x000000070e000000| PB 0x000000070e000000| Untracked |  0
|  97|0x000000070e200000, 0x000000070e200000, 0x000000070e400000|  0%| F|  |TAMS 0x000000070e200000| PB 0x000000070e200000| Untracked |  0
|  98|0x000000070e400000, 0x000000070e400000, 0x000000070e600000|  0%| F|  |TAMS 0x000000070e400000| PB 0x000000070e400000| Untracked |  0
|  99|0x000000070e600000, 0x000000070e600000, 0x000000070e800000|  0%| F|  |TAMS 0x000000070e600000| PB 0x000000070e600000| Untracked |  0
| 100|0x000000070e800000, 0x000000070e800000, 0x000000070ea00000|  0%| F|  |TAMS 0x000000070e800000| PB 0x000000070e800000| Untracked |  0
| 101|0x000000070ea00000, 0x000000070ea00000, 0x000000070ec00000|  0%| F|  |TAMS 0x000000070ea00000| PB 0x000000070ea00000| Untracked |  0
| 102|0x000000070ec00000, 0x000000070ec00000, 0x000000070ee00000|  0%| F|  |TAMS 0x000000070ec00000| PB 0x000000070ec00000| Untracked |  0
| 103|0x000000070ee00000, 0x000000070ee00000, 0x000000070f000000|  0%| F|  |TAMS 0x000000070ee00000| PB 0x000000070ee00000| Untracked |  0
| 104|0x000000070f000000, 0x000000070f000000, 0x000000070f200000|  0%| F|  |TAMS 0x000000070f000000| PB 0x000000070f000000| Untracked |  0
| 105|0x000000070f200000, 0x000000070f200000, 0x000000070f400000|  0%| F|  |TAMS 0x000000070f200000| PB 0x000000070f200000| Untracked |  0
| 106|0x000000070f400000, 0x000000070f400000, 0x000000070f600000|  0%| F|  |TAMS 0x000000070f400000| PB 0x000000070f400000| Untracked |  0
| 107|0x000000070f600000, 0x000000070f600000, 0x000000070f800000|  0%| F|  |TAMS 0x000000070f600000| PB 0x000000070f600000| Untracked |  0
| 108|0x000000070f800000, 0x000000070f800000, 0x000000070fa00000|  0%| F|  |TAMS 0x000000070f800000| PB 0x000000070f800000| Untracked |  0
| 109|0x000000070fa00000, 0x000000070fa00000, 0x000000070fc00000|  0%| F|  |TAMS 0x000000070fa00000| PB 0x000000070fa00000| Untracked |  0
| 110|0x000000070fc00000, 0x000000070fc00000, 0x000000070fe00000|  0%| F|  |TAMS 0x000000070fc00000| PB 0x000000070fc00000| Untracked |  0
| 111|0x000000070fe00000, 0x000000070fe00000, 0x0000000710000000|  0%| F|  |TAMS 0x000000070fe00000| PB 0x000000070fe00000| Untracked |  0
| 112|0x0000000710000000, 0x0000000710000000, 0x0000000710200000|  0%| F|  |TAMS 0x0000000710000000| PB 0x0000000710000000| Untracked |  0
| 113|0x0000000710200000, 0x0000000710200000, 0x0000000710400000|  0%| F|  |TAMS 0x0000000710200000| PB 0x0000000710200000| Untracked |  0
| 114|0x0000000710400000, 0x0000000710400000, 0x0000000710600000|  0%| F|  |TAMS 0x0000000710400000| PB 0x0000000710400000| Untracked |  0
| 115|0x0000000710600000, 0x0000000710600000, 0x0000000710800000|  0%| F|  |TAMS 0x0000000710600000| PB 0x0000000710600000| Untracked |  0
| 116|0x0000000710800000, 0x0000000710800000, 0x0000000710a00000|  0%| F|  |TAMS 0x0000000710800000| PB 0x0000000710800000| Untracked |  0
| 117|0x0000000710a00000, 0x0000000710a00000, 0x0000000710c00000|  0%| F|  |TAMS 0x0000000710a00000| PB 0x0000000710a00000| Untracked |  0
| 118|0x0000000710c00000, 0x0000000710c00000, 0x0000000710e00000|  0%| F|  |TAMS 0x0000000710c00000| PB 0x0000000710c00000| Untracked |  0
| 119|0x0000000710e00000, 0x0000000710e00000, 0x0000000711000000|  0%| F|  |TAMS 0x0000000710e00000| PB 0x0000000710e00000| Untracked |  0
| 120|0x0000000711000000, 0x00000007110bae98, 0x0000000711200000| 36%| E|  |TAMS 0x0000000711000000| PB 0x0000000711000000| Complete |  0
| 121|0x0000000711200000, 0x0000000711400000, 0x0000000711400000|100%| E|  |TAMS 0x0000000711200000| PB 0x0000000711200000| Complete |  0
| 122|0x0000000711400000, 0x0000000711600000, 0x0000000711600000|100%| E|CS|TAMS 0x0000000711400000| PB 0x0000000711400000| Complete |  0
| 123|0x0000000711600000, 0x0000000711800000, 0x0000000711800000|100%| E|CS|TAMS 0x0000000711600000| PB 0x0000000711600000| Complete |  1
| 124|0x0000000711800000, 0x0000000711a00000, 0x0000000711a00000|100%| E|CS|TAMS 0x0000000711800000| PB 0x0000000711800000| Complete |  0
| 125|0x0000000711a00000, 0x0000000711c00000, 0x0000000711c00000|100%| E|CS|TAMS 0x0000000711a00000| PB 0x0000000711a00000| Complete |  0
| 126|0x0000000711c00000, 0x0000000711e00000, 0x0000000711e00000|100%| E|CS|TAMS 0x0000000711c00000| PB 0x0000000711c00000| Complete |  0

Card table byte_map: [0x000002187db20000,0x000002187e310000] _byte_map_base: 0x000002187a310000

Marking Bits: (CMBitMap*) 0x000002187cd81070
 Bits: [0x0000021817680000, 0x000002181b600000)

Polling page: 0x000002187aab0000

Metaspace:

Usage:
  Non-class:      7.05 MB used.
      Class:    886.55 KB used.
       Both:      7.92 MB used.

Virtual space:
  Non-class space:       64.00 MB reserved,       7.12 MB ( 11%) committed,  1 nodes.
      Class space:        1.00 GB reserved,       1.00 MB ( <1%) committed,  1 nodes.
             Both:        1.06 GB reserved,       8.12 MB ( <1%) committed. 

Chunk freelists:
   Non-Class:  8.45 MB
       Class:  15.03 MB
        Both:  23.48 MB

MaxMetaspaceSize: unlimited
CompressedClassSpaceSize: 1.00 GB
Initial GC threshold: 21.00 MB
Current GC threshold: 21.00 MB
CDS: on
 - commit_granule_bytes: 65536.
 - commit_granule_words: 8192.
 - virtual_space_node_default_size: 8388608.
 - enlarge_chunks_in_place: 1.
 - use_allocation_guard: 0.


Internal statistics:

num_allocs_failed_limit: 0.
num_arena_births: 150.
num_arena_deaths: 0.
num_vsnodes_births: 2.
num_vsnodes_deaths: 0.
num_space_committed: 130.
num_space_uncommitted: 0.
num_chunks_returned_to_freelist: 0.
num_chunks_taken_from_freelist: 202.
num_chunk_merges: 0.
num_chunk_splits: 114.
num_chunks_enlarged: 44.
num_inconsistent_stats: 0.

CodeHeap 'non-profiled nmethods': size=120064Kb used=315Kb max_used=315Kb free=119748Kb
 bounds [0x0000021810140000, 0x00000218103b0000, 0x0000021817680000]
CodeHeap 'profiled nmethods': size=120000Kb used=1460Kb max_used=1460Kb free=118539Kb
 bounds [0x0000021808680000, 0x00000218088f0000, 0x000002180fbb0000]
CodeHeap 'non-nmethods': size=5696Kb used=1548Kb max_used=1573Kb free=4147Kb
 bounds [0x000002180fbb0000, 0x000002180fe20000, 0x0000021810140000]
CodeCache: size=245760Kb, used=3323Kb, max_used=3348Kb, free=242434Kb
 total_blobs=1809, nmethods=1178, adapters=537, full_count=0
Compilation: enabled, stopped_count=0, restarted_count=0

Compilation events (20 events):
Event: 1.446 Thread 0x000002187efb18f0 1166       1       java.awt.EventDispatchThread$1::evaluate (2 bytes)
Event: 1.446 Thread 0x000002187efb18f0 nmethod 1166 0x000002181018d708 code [0x000002181018d820, 0x000002181018d8e8]
Event: 1.446 Thread 0x000002187efb18f0 1167  s    1       java.awt.EventDispatchThread::getEventQueue (5 bytes)
Event: 1.446 Thread 0x000002187efb18f0 nmethod 1167 0x000002181018da08 code [0x000002181018db20, 0x000002181018dd48]
Event: 1.469 Thread 0x000002187efb18f0 1168       3       sun.awt.EventQueueItem::<init> (10 bytes)
Event: 1.470 Thread 0x000002187efb18f0 nmethod 1168 0x00000218087ea408 code [0x00000218087ea520, 0x00000218087ea6e0]
Event: 1.478 Thread 0x000002187efb18f0 1169       3       java.awt.Point::<init> (15 bytes)
Event: 1.478 Thread 0x000002187efb18f0 nmethod 1169 0x00000218087ea708 code [0x00000218087ea820, 0x00000218087ea9f0]
Event: 1.494 Thread 0x000002187efb18f0 1170       3       java.util.concurrent.locks.AbstractQueuedSynchronizer$ConditionObject::signalAll (34 bytes)
Event: 1.494 Thread 0x000002187efb18f0 nmethod 1170 0x00000218087eaa88 code [0x00000218087eabe0, 0x00000218087eaf30]
Event: 1.518 Thread 0x000002187efb18f0 1173       1       java.awt.Window::isRecursivelyVisible (5 bytes)
Event: 1.518 Thread 0x000002187efb18f0 nmethod 1173 0x000002181018ea08 code [0x000002181018eb20, 0x000002181018ebf0]
Event: 1.518 Thread 0x000002187efb18f0 1176   !   3       java.awt.Container::getMouseEventTargetImpl (255 bytes)
Event: 1.518 Thread 0x000002187efb18f0 nmethod 1176 0x00000218087eaf88 code [0x00000218087eb1c0, 0x00000218087ec500]
Event: 1.518 Thread 0x000002187efb18f0 1175       3       java.awt.Container::getMouseEventTarget (50 bytes)
Event: 1.519 Thread 0x000002187efb18f0 nmethod 1175 0x00000218087ec588 code [0x00000218087ec6c0, 0x00000218087ec968]
Event: 1.519 Thread 0x000002187efb18f0 1177       3       java.awt.Container$MouseEventTargetFilter::accept (66 bytes)
Event: 1.519 Thread 0x000002187efb18f0 nmethod 1177 0x00000218087ec988 code [0x00000218087ecaa0, 0x00000218087ecd38]
Event: 1.718 Thread 0x000002187efb18f0 1178       3       java.lang.invoke.MemberName::isMethod (8 bytes)
Event: 1.718 Thread 0x000002187efb18f0 nmethod 1178 0x00000218087ecd88 code [0x00000218087ecea0, 0x00000218087ed068]

GC Heap History (0 events):
No events

Dll operation events (10 events):
Event: 0.006 Loaded shared library C:\Users\jorge\Documents\Scoundrel\jdk\jdk-23.0.2\bin\java.dll
Event: 0.025 Loaded shared library C:\Users\jorge\Documents\Scoundrel\jdk\jdk-23.0.2\bin\jsvml.dll
Event: 0.036 Loaded shared library C:\Users\jorge\Documents\Scoundrel\jdk\jdk-23.0.2\bin\net.dll
Event: 0.038 Loaded shared library C:\Users\jorge\Documents\Scoundrel\jdk\jdk-23.0.2\bin\nio.dll
Event: 0.041 Loaded shared library C:\Users\jorge\Documents\Scoundrel\jdk\jdk-23.0.2\bin\zip.dll
Event: 0.055 Loaded shared library C:\Users\jorge\Documents\Scoundrel\jdk\jdk-23.0.2\bin\jimage.dll
Event: 0.068 Loaded shared library C:\Users\jorge\Documents\Scoundrel\jdk\jdk-23.0.2\bin\awt.dll
Event: 0.198 Loaded shared library C:\Users\jorge\Documents\Scoundrel\jdk\jdk-23.0.2\bin\jsound.dll
Event: 0.278 Loaded shared library C:\Users\jorge\Documents\Scoundrel\jdk\jdk-23.0.2\bin\freetype.dll
Event: 0.279 Loaded shared library C:\Users\jorge\Documents\Scoundrel\jdk\jdk-23.0.2\bin\fontmanager.dll

Deoptimization events (20 events):
Event: 0.644 Thread 0x0000021863447c80 DEOPT PACKING pc=0x00000218087151de sp=0x000000ce59dfed90
Event: 0.644 Thread 0x0000021863447c80 DEOPT UNPACKING pc=0x000002180fc04b22 sp=0x000000ce59dfe230 mode 0
Event: 0.644 Thread 0x0000021863447c80 DEOPT PACKING pc=0x00000218087151de sp=0x000000ce59dfed90
Event: 0.644 Thread 0x0000021863447c80 DEOPT UNPACKING pc=0x000002180fc04b22 sp=0x000000ce59dfe230 mode 0
Event: 0.645 Thread 0x0000021863447c80 DEOPT PACKING pc=0x00000218087151de sp=0x000000ce59dfed90
Event: 0.645 Thread 0x0000021863447c80 DEOPT UNPACKING pc=0x000002180fc04b22 sp=0x000000ce59dfe230 mode 0
Event: 0.646 Thread 0x0000021863447c80 DEOPT PACKING pc=0x00000218087151de sp=0x000000ce59dfed90
Event: 0.646 Thread 0x0000021863447c80 DEOPT UNPACKING pc=0x000002180fc04b22 sp=0x000000ce59dfe230 mode 0
Event: 0.646 Thread 0x0000021863447c80 DEOPT PACKING pc=0x00000218087151de sp=0x000000ce59dfed90
Event: 0.646 Thread 0x0000021863447c80 DEOPT UNPACKING pc=0x000002180fc04b22 sp=0x000000ce59dfe230 mode 0
Event: 0.646 Thread 0x0000021863447c80 DEOPT PACKING pc=0x00000218087151de sp=0x000000ce59dfed90
Event: 0.646 Thread 0x0000021863447c80 DEOPT UNPACKING pc=0x000002180fc04b22 sp=0x000000ce59dfe230 mode 0
Event: 0.647 Thread 0x0000021863447c80 DEOPT PACKING pc=0x00000218087151de sp=0x000000ce59dfed90
Event: 0.647 Thread 0x0000021863447c80 DEOPT UNPACKING pc=0x000002180fc04b22 sp=0x000000ce59dfe230 mode 0
Event: 0.647 Thread 0x0000021863447c80 DEOPT PACKING pc=0x00000218087153b4 sp=0x000000ce59dfed90
Event: 0.647 Thread 0x0000021863447c80 DEOPT UNPACKING pc=0x000002180fc04b22 sp=0x000000ce59dfe230 mode 0
Event: 1.317 Thread 0x000002181d94d570 Uncommon trap: trap_request=0xffffff45 fr.pc=0x000002181018bbd0 relative=0x0000000000000230
Event: 1.317 Thread 0x000002181d94d570 Uncommon trap: reason=unstable_if action=reinterpret pc=0x000002181018bbd0 method=java.util.concurrent.locks.ReentrantLock$Sync.lock()V @ 4 c2
Event: 1.317 Thread 0x000002181d94d570 DEOPT PACKING pc=0x000002181018bbd0 sp=0x000000ce59afddf0
Event: 1.317 Thread 0x000002181d94d570 DEOPT UNPACKING pc=0x000002180fc04402 sp=0x000000ce59afdd50 mode 2

Classes loaded (20 events):
Event: 1.015 Loading class java/awt/event/MouseEvent$1
Event: 1.015 Loading class sun/awt/AWTAccessor$MouseEventAccessor
Event: 1.015 Loading class sun/awt/AWTAccessor$MouseEventAccessor done
Event: 1.015 Loading class java/awt/event/MouseEvent$1 done
Event: 1.015 Loading class java/awt/Cursor$CursorDisposer
Event: 1.015 Loading class java/awt/Cursor$CursorDisposer done
Event: 1.015 Loading class java/awt/Container$MouseEventTargetFilter
Event: 1.015 Loading class java/awt/Container$EventTargetFilter
Event: 1.015 Loading class java/awt/Container$EventTargetFilter done
Event: 1.016 Loading class java/awt/Container$MouseEventTargetFilter done
Event: 1.016 Loading class java/awt/LightweightDispatcher$1
Event: 1.016 Loading class java/awt/LightweightDispatcher$1 done
Event: 1.016 Loading class java/awt/event/AWTEventListenerProxy
Event: 1.016 Loading class java/awt/event/AWTEventListenerProxy done
Event: 1.016 Loading class java/awt/Toolkit$SelectiveAWTEventListener
Event: 1.016 Loading class java/awt/Toolkit$SelectiveAWTEventListener done
Event: 1.016 Loading class java/awt/Toolkit$ToolkitEventMulticaster
Event: 1.016 Loading class java/awt/Toolkit$ToolkitEventMulticaster done
Event: 1.016 Loading class java/awt/event/MouseWheelEvent
Event: 1.016 Loading class java/awt/event/MouseWheelEvent done

Classes unloaded (0 events):
No events

Classes redefined (0 events):
No events

Internal exceptions (17 events):
Event: 0.060 Thread 0x000002187a886cb0 Exception <a 'java/lang/ClassNotFoundException'{0x0000000711dddca8}: sun/awt/resources/spi/awtProvider> (0x0000000711dddca8) 
thrown [s\open\src\hotspot\share\classfile\systemDictionary.cpp, line 313]
Event: 0.075 Thread 0x000002187a886cb0 Exception <a 'java/io/FileNotFoundException'{0x0000000711a46f60}> (0x0000000711a46f60) 
thrown [s\open\src\hotspot\share\prims\jni.cpp, line 520]
Event: 0.079 Thread 0x000002187a886cb0 Exception <a 'java/io/FileNotFoundException'{0x0000000711a752f8}> (0x0000000711a752f8) 
thrown [s\open\src\hotspot\share\prims\jni.cpp, line 520]
Event: 0.167 Thread 0x000002187a886cb0 Exception <a 'java/lang/NoSuchMethodError'{0x0000000711bfd4d8}: 'void java.lang.invoke.DirectMethodHandle$Holder.invokeSpecial(java.lang.Object, java.lang.Object, java.lang.Object)'> (0x0000000711bfd4d8) 
thrown [s\open\src\hotspot\share\interpreter\linkResolver.cpp, line 796]
Event: 0.175 Thread 0x000002187a886cb0 Exception <a 'java/lang/NoSuchMethodError'{0x000000071184cae0}: 'java.lang.Object java.lang.invoke.DirectMethodHandle$Holder.invokeStatic(java.lang.Object, int, java.lang.Object)'> (0x000000071184cae0) 
thrown [s\open\src\hotspot\share\interpreter\linkResolver.cpp, line 796]
Event: 0.187 Thread 0x000002187a886cb0 Exception <a 'java/lang/ClassNotFoundException'{0x00000007118eee20}: com/sun/swing/internal/plaf/metal/resources/spi/metalProvider> (0x00000007118eee20) 
thrown [s\open\src\hotspot\share\classfile\systemDictionary.cpp, line 313]
Event: 0.188 Thread 0x000002187a886cb0 Exception <a 'java/lang/ClassNotFoundException'{0x00000007118f2de0}: com/sun/swing/internal/plaf/basic/resources/spi/basicProvider> (0x00000007118f2de0) 
thrown [s\open\src\hotspot\share\classfile\systemDictionary.cpp, line 313]
Event: 0.194 Thread 0x000002187a886cb0 Exception <a 'java/lang/NoSuchMethodError'{0x0000000711913080}: 'int java.lang.invoke.Invokers$Holder.invokeExact_MT(java.lang.Object, java.lang.Object)'> (0x0000000711913080) 
thrown [s\open\src\hotspot\share\interpreter\linkResolver.cpp, line 796]
Event: 0.256 Thread 0x0000021863447c80 Exception <a 'java/lang/NoSuchMethodError'{0x0000000711980f08}: 'java.lang.Object java.lang.invoke.DirectMethodHandle$Holder.newInvokeSpecial(java.lang.Object, java.lang.Object, java.lang.Object, int, int, int, int, int)'> (0x0000000711980f08) 
thrown [s\open\src\hotspot\share\interpreter\linkResolver.cpp, line 796]
Event: 0.360 Thread 0x000002187a886cb0 Exception <a 'java/io/FileNotFoundException'{0x00000007117501d8}> (0x00000007117501d8) 
thrown [s\open\src\hotspot\share\prims\jni.cpp, line 520]
Event: 0.374 Thread 0x000002187a886cb0 Exception <a 'java/io/FileNotFoundException'{0x0000000711757868}> (0x0000000711757868) 
thrown [s\open\src\hotspot\share\prims\jni.cpp, line 520]
Event: 0.408 Thread 0x000002187a886cb0 Exception <a 'java/io/FileNotFoundException'{0x0000000711771ca0}> (0x0000000711771ca0) 
thrown [s\open\src\hotspot\share\prims\jni.cpp, line 520]
Event: 0.538 Thread 0x000002187a886cb0 Exception <a 'java/io/FileNotFoundException'{0x000000071140f3a0}> (0x000000071140f3a0) 
thrown [s\open\src\hotspot\share\prims\jni.cpp, line 520]
Event: 0.538 Thread 0x000002187a886cb0 Exception <a 'java/io/FileNotFoundException'{0x0000000711416800}> (0x0000000711416800) 
thrown [s\open\src\hotspot\share\prims\jni.cpp, line 520]
Event: 0.540 Thread 0x000002187a886cb0 Exception <a 'java/io/FileNotFoundException'{0x0000000711430960}> (0x0000000711430960) 
thrown [s\open\src\hotspot\share\prims\jni.cpp, line 520]
Event: 0.577 Thread 0x000002187a886cb0 Exception <a 'java/lang/NoSuchMethodError'{0x000000071120e3a0}: 'void java.lang.invoke.DirectMethodHandle$Holder.invokeStaticInit(java.lang.Object)'> (0x000000071120e3a0) 
thrown [s\open\src\hotspot\share\interpreter\linkResolver.cpp, line 796]
Event: 0.607 Thread 0x000002181d94d570 Exception <a 'java/lang/NoSuchMethodError'{0x0000000711b80208}: 'void java.lang.invoke.DirectMethodHandle$Holder.invokeVirtual(java.lang.Object, java.lang.Object)'> (0x0000000711b80208) 
thrown [s\open\src\hotspot\share\interpreter\linkResolver.cpp, line 796]

VM Operations (10 events):
Event: 0.041 Executing VM operation: HandshakeAllThreads (Deoptimize)
Event: 0.042 Executing VM operation: HandshakeAllThreads (Deoptimize) done
Event: 0.248 Executing VM operation: HandshakeAllThreads (Deoptimize)
Event: 0.248 Executing VM operation: HandshakeAllThreads (Deoptimize) done
Event: 0.297 Executing VM operation: HandshakeAllThreads (Deoptimize)
Event: 0.297 Executing VM operation: HandshakeAllThreads (Deoptimize) done
Event: 0.547 Executing VM operation: HandshakeAllThreads (Deoptimize)
Event: 0.547 Executing VM operation: HandshakeAllThreads (Deoptimize) done
Event: 0.638 Executing VM operation: HandshakeAllThreads (Deoptimize)
Event: 0.638 Executing VM operation: HandshakeAllThreads (Deoptimize) done

Memory protections (0 events):
No events

Nmethod flushes (0 events):
No events

Events (20 events):
Event: 0.024 Thread 0x000002187a886cb0 Thread added: 0x000002187ef94e60
Event: 0.024 Thread 0x000002187a886cb0 Thread added: 0x000002187ef95f90
Event: 0.024 Thread 0x000002187a886cb0 Thread added: 0x000002187efa0190
Event: 0.024 Thread 0x000002187a886cb0 Thread added: 0x000002187efa19c0
Event: 0.024 Thread 0x000002187a886cb0 Thread added: 0x000002187efb0d10
Event: 0.024 Thread 0x000002187a886cb0 Thread added: 0x000002187efb18f0
Event: 0.033 Thread 0x000002187a886cb0 Thread added: 0x000002181d7d37c0
Event: 0.034 Thread 0x000002187a886cb0 Thread added: 0x000002181d7d4e60
Event: 0.109 Thread 0x000002187a886cb0 Thread added: 0x000002181d940910
Event: 0.110 Thread 0x000002187a886cb0 Thread added: 0x000002181d9497d0
Event: 0.111 Thread 0x000002187a886cb0 Thread added: 0x000002181d94d570
Event: 0.253 Thread 0x000002187a886cb0 Thread added: 0x0000021863447c80
Event: 0.561 Thread 0x000002187a886cb0 Thread added: 0x0000021863528880
Event: 0.567 Thread 0x000002181d94d570 Thread added: 0x0000021863546080
Event: 0.575 Thread 0x0000021863528880 Thread added: 0x00000218635f4330
Event: 0.589 Thread 0x0000021863528880 Thread added: 0x00000218636565a0
Event: 0.625 Thread 0x000002187efb18f0 Thread added: 0x0000021863708100
Event: 0.650 Thread 0x000002187a886cb0 Thread exited: 0x000002187a886cb0
Event: 0.650 Thread 0x00000218636fe910 Thread added: 0x00000218636fe910
Event: 1.022 Thread 0x0000021863708100 Thread exited: 0x0000021863708100


Dynamic libraries:
0x00007ff73e890000 - 0x00007ff73e8a0000 	C:\Users\jorge\Documents\Scoundrel\jdk\jdk-23.0.2\bin\javaw.exe
0x00007ff8fbee0000 - 0x00007ff8fc143000 	C:\WINDOWS\SYSTEM32\ntdll.dll
0x00007ff8fa900000 - 0x00007ff8fa9c7000 	C:\WINDOWS\System32\KERNEL32.DLL
0x00007ff8f9470000 - 0x00007ff8f9839000 	C:\WINDOWS\System32\KERNELBASE.dll
0x00007ff8f5d30000 - 0x00007ff8f5dcc000 	C:\WINDOWS\SYSTEM32\apphelp.dll
0x00007ff8f9bb0000 - 0x00007ff8f9cfc000 	C:\WINDOWS\System32\ucrtbase.dll
0x00007ff8e10c0000 - 0x00007ff8e10d7000 	C:\Users\jorge\Documents\Scoundrel\jdk\jdk-23.0.2\bin\jli.dll
0x00007ff8e1030000 - 0x00007ff8e104b000 	C:\Users\jorge\Documents\Scoundrel\jdk\jdk-23.0.2\bin\VCRUNTIME140.dll
0x00007ff8f9d00000 - 0x00007ff8f9eca000 	C:\WINDOWS\System32\USER32.dll
0x00007ff8e5910000 - 0x00007ff8e5ba0000 	C:\WINDOWS\WinSxS\amd64_microsoft.windows.common-controls_6595b64144ccf1df_6.0.26100.3323_none_3e088096e3344490\COMCTL32.dll
0x00007ff8f9250000 - 0x00007ff8f9277000 	C:\WINDOWS\System32\win32u.dll
0x00007ff8fbdf0000 - 0x00007ff8fbe99000 	C:\WINDOWS\System32\msvcrt.dll
0x00007ff8fa9d0000 - 0x00007ff8fa9fa000 	C:\WINDOWS\System32\GDI32.dll
0x00007ff8f9840000 - 0x00007ff8f9971000 	C:\WINDOWS\System32\gdi32full.dll
0x00007ff8f9980000 - 0x00007ff8f9a23000 	C:\WINDOWS\System32\msvcp_win.dll
0x00007ff8fad90000 - 0x00007ff8fadbf000 	C:\WINDOWS\System32\IMM32.DLL
0x00007ff8eb650000 - 0x00007ff8eb65c000 	C:\Users\jorge\Documents\Scoundrel\jdk\jdk-23.0.2\bin\vcruntime140_1.dll
0x00007ff8b1fd0000 - 0x00007ff8b205e000 	C:\Users\jorge\Documents\Scoundrel\jdk\jdk-23.0.2\bin\msvcp140.dll
0x00007ff888f80000 - 0x00007ff889cd0000 	C:\Users\jorge\Documents\Scoundrel\jdk\jdk-23.0.2\bin\server\jvm.dll
0x00007ff8fa450000 - 0x00007ff8fa502000 	C:\WINDOWS\System32\ADVAPI32.dll
0x00007ff8fadd0000 - 0x00007ff8fae76000 	C:\WINDOWS\System32\sechost.dll
0x00007ff8faf00000 - 0x00007ff8fb016000 	C:\WINDOWS\System32\RPCRT4.dll
0x00007ff8fae80000 - 0x00007ff8faef4000 	C:\WINDOWS\System32\WS2_32.dll
0x00007ff8f8db0000 - 0x00007ff8f8dfe000 	C:\WINDOWS\SYSTEM32\POWRPROF.dll
0x00007ff8ee270000 - 0x00007ff8ee2a6000 	C:\WINDOWS\SYSTEM32\WINMM.dll
0x00007ff8ec520000 - 0x00007ff8ec52b000 	C:\WINDOWS\SYSTEM32\VERSION.dll
0x00007ff8f8d90000 - 0x00007ff8f8da4000 	C:\WINDOWS\SYSTEM32\UMPDC.dll
0x00007ff8f7f00000 - 0x00007ff8f7f1a000 	C:\WINDOWS\SYSTEM32\kernel.appcore.dll
0x00007ff8eb520000 - 0x00007ff8eb52a000 	C:\Users\jorge\Documents\Scoundrel\jdk\jdk-23.0.2\bin\jimage.dll
0x00007ff8f6590000 - 0x00007ff8f67d1000 	C:\WINDOWS\SYSTEM32\DBGHELP.DLL
0x00007ff8fa510000 - 0x00007ff8fa892000 	C:\WINDOWS\System32\combase.dll
0x00007ff8fa190000 - 0x00007ff8fa266000 	C:\WINDOWS\System32\OLEAUT32.dll
0x00007ff8cb820000 - 0x00007ff8cb859000 	C:\WINDOWS\SYSTEM32\dbgcore.DLL
0x00007ff8f93d0000 - 0x00007ff8f9469000 	C:\WINDOWS\System32\bcryptPrimitives.dll
0x00007ff8e01b0000 - 0x00007ff8e01ce000 	C:\Users\jorge\Documents\Scoundrel\jdk\jdk-23.0.2\bin\java.dll
0x00007ff8fb020000 - 0x00007ff8fb1b5000 	C:\WINDOWS\System32\ole32.dll
0x00007ff8fb240000 - 0x00007ff8fb955000 	C:\WINDOWS\System32\SHELL32.dll
0x00007ff8f90e0000 - 0x00007ff8f9248000 	C:\WINDOWS\System32\wintypes.dll
0x00007ff8f6e00000 - 0x00007ff8f7645000 	C:\WINDOWS\SYSTEM32\windows.storage.dll
0x00007ff8fa000000 - 0x00007ff8fa0eb000 	C:\WINDOWS\System32\SHCORE.dll
0x00007ff8fa130000 - 0x00007ff8fa18d000 	C:\WINDOWS\System32\shlwapi.dll
0x00007ff8f8ff0000 - 0x00007ff8f901f000 	C:\WINDOWS\SYSTEM32\profapi.dll
0x00007ff89e800000 - 0x00007ff89e8d7000 	C:\Users\jorge\Documents\Scoundrel\jdk\jdk-23.0.2\bin\jsvml.dll
0x00007ff8e9e40000 - 0x00007ff8e9e50000 	C:\Users\jorge\Documents\Scoundrel\jdk\jdk-23.0.2\bin\net.dll
0x00007ff8f8420000 - 0x00007ff8f848a000 	C:\WINDOWS\system32\mswsock.dll
0x00007ff8de1b0000 - 0x00007ff8de1c6000 	C:\Users\jorge\Documents\Scoundrel\jdk\jdk-23.0.2\bin\nio.dll
0x00007ff8ddfb0000 - 0x00007ff8ddfc7000 	C:\Users\jorge\Documents\Scoundrel\jdk\jdk-23.0.2\bin\zip.dll
0x00007ff8901d0000 - 0x00007ff89035e000 	C:\Users\jorge\Documents\Scoundrel\jdk\jdk-23.0.2\bin\awt.dll
0x00007ff8f6270000 - 0x00007ff8f62a5000 	C:\WINDOWS\system32\DWMAPI.DLL
0x00007ff8f5ed0000 - 0x00007ff8f5f7e000 	C:\WINDOWS\system32\uxtheme.dll
0x00007ff8900c0000 - 0x00007ff8901cc000 	C:\WINDOWS\system32\opengl32.dll
0x00007ff8da890000 - 0x00007ff8da8bd000 	C:\WINDOWS\SYSTEM32\GLU32.dll
0x00007ff8f60c0000 - 0x00007ff8f6107000 	C:\WINDOWS\SYSTEM32\dxcore.dll
0x00007ff8fabb0000 - 0x00007ff8fad0b000 	C:\WINDOWS\System32\MSCTF.dll
0x00007ff8855d0000 - 0x00007ff888f7e000 	C:\Windows\System32\DriverStore\FileRepository\u0410212.inf_amd64_daae2c8b5eb35aaa\B409877\AMDXN64.DLL
0x00007ff8fb960000 - 0x00007ff8fbde6000 	C:\WINDOWS\System32\SETUPAPI.dll
0x00007ff8f6110000 - 0x00007ff8f623e000 	C:\WINDOWS\SYSTEM32\dxgi.dll
0x00007ff8f6060000 - 0x00007ff8f60bd000 	C:\WINDOWS\SYSTEM32\directxdatabasehelper.dll
0x00007ff8f8cd0000 - 0x00007ff8f8d2f000 	C:\WINDOWS\SYSTEM32\cfgmgr32.dll
0x00007ff8f8970000 - 0x00007ff8f8996000 	C:\WINDOWS\SYSTEM32\BCrypt.dll
0x00007ff8edd10000 - 0x00007ff8edd49000 	C:\Windows\System32\DriverStore\FileRepository\u0410212.inf_amd64_daae2c8b5eb35aaa\B409877\amdihk64.dll
0x00007ff8d7730000 - 0x00007ff8d7742000 	C:\Users\jorge\Documents\Scoundrel\jdk\jdk-23.0.2\bin\jsound.dll
0x00007ff89dee0000 - 0x00007ff89df74000 	C:\WINDOWS\SYSTEM32\DSOUND.dll
0x00007ff88b020000 - 0x00007ff88b0d1000 	C:\WINDOWS\SYSTEM32\ResampleDmo.DLL
0x00007ff8e4e60000 - 0x00007ff8e4e91000 	C:\WINDOWS\SYSTEM32\winmmbase.dll
0x00007ff89ff80000 - 0x00007ff89ff8e000 	C:\WINDOWS\SYSTEM32\msdmo.dll
0x00007ff8faa00000 - 0x00007ff8faaa8000 	C:\WINDOWS\System32\clbcatq.dll
0x00007ff8ebee0000 - 0x00007ff8ebf7a000 	C:\WINDOWS\System32\MMDevApi.dll
0x00007ff8f8ca0000 - 0x00007ff8f8ccd000 	C:\WINDOWS\System32\DEVOBJ.dll
0x00007ff8cfb50000 - 0x00007ff8cfb98000 	C:\WINDOWS\SYSTEM32\wdmaud.drv
0x00007ff8eb2c0000 - 0x00007ff8eb47b000 	C:\WINDOWS\SYSTEM32\AUDIOSES.DLL
0x00007ff8d5cd0000 - 0x00007ff8d5cdf000 	C:\WINDOWS\SYSTEM32\msacm32.drv
0x00007ff8d5a90000 - 0x00007ff8d5ab1000 	C:\WINDOWS\SYSTEM32\MSACM32.dll
0x00007ff8e9b40000 - 0x00007ff8e9b4c000 	C:\WINDOWS\SYSTEM32\midimap.dll
0x00007ff8b1d20000 - 0x00007ff8b1da7000 	C:\Users\jorge\Documents\Scoundrel\jdk\jdk-23.0.2\bin\freetype.dll
0x00007ff88fb50000 - 0x00007ff88fc27000 	C:\Users\jorge\Documents\Scoundrel\jdk\jdk-23.0.2\bin\fontmanager.dll
0x00007ff8f6910000 - 0x00007ff8f6924000 	C:\WINDOWS\SYSTEM32\resourcepolicyclient.dll
0x00007ff8e11b0000 - 0x00007ff8e12f6000 	C:\WINDOWS\SYSTEM32\textinputframework.dll
0x00007ff8e86d0000 - 0x00007ff8e8826000 	C:\Windows\System32\Windows.UI.dll
0x00007ff8f3260000 - 0x00007ff8f326b000 	C:\WINDOWS\SYSTEM32\avrt.dll
0x00007ff8f5950000 - 0x00007ff8f5a76000 	C:\WINDOWS\SYSTEM32\CoreMessaging.dll
0x00007ff8f2c70000 - 0x00007ff8f2f53000 	C:\WINDOWS\SYSTEM32\CoreUIComponents.dll
0x00007ff8f86e0000 - 0x00007ff8f86ec000 	C:\WINDOWS\SYSTEM32\CRYPTBASE.DLL

dbghelp: loaded successfully - version: 4.0.5 - missing functions: none
symbol engine: initialized successfully - sym options: 0x614 - pdb path: .;C:\Users\jorge\Documents\Scoundrel\jdk\jdk-23.0.2\bin;C:\WINDOWS\SYSTEM32;C:\WINDOWS\WinSxS\amd64_microsoft.windows.common-controls_6595b64144ccf1df_6.0.26100.3323_none_3e088096e3344490;C:\Users\jorge\Documents\Scoundrel\jdk\jdk-23.0.2\bin\server;C:\Windows\System32\DriverStore\FileRepository\u0410212.inf_amd64_daae2c8b5eb35aaa\B409877

VM Arguments:
java_command: C:\Users\jorge\Documents\Scoundrel\Scoundrel.exe
java_class_path (initial): C:\Users\jorge\Documents\Scoundrel\Scoundrel.exe
Launcher Type: SUN_STANDARD

[Global flags]
     intx CICompilerCount                          = 4                                         {product} {ergonomic}
     uint ConcGCThreads                            = 3                                         {product} {ergonomic}
     uint G1ConcRefinementThreads                  = 10                                        {product} {ergonomic}
   size_t G1HeapRegionSize                         = 2097152                                   {product} {ergonomic}
   size_t InitialHeapSize                          = 266338304                                 {product} {ergonomic}
   size_t MarkStackSize                            = 4194304                                   {product} {ergonomic}
   size_t MarkStackSizeMax                         = 536870912                                 {product} {ergonomic}
   size_t MaxHeapSize                              = 4261412864                                {product} {ergonomic}
   size_t MaxNewSize                               = 2556428288                                {product} {ergonomic}
   size_t MinHeapDeltaBytes                        = 2097152                                   {product} {ergonomic}
   size_t MinHeapSize                              = 8388608                                   {product} {ergonomic}
    uintx NonNMethodCodeHeapSize                   = 5832704                                {pd product} {ergonomic}
    uintx NonProfiledCodeHeapSize                  = 122945536                              {pd product} {ergonomic}
    uintx ProfiledCodeHeapSize                     = 122880000                              {pd product} {ergonomic}
    uintx ReservedCodeCacheSize                    = 251658240                              {pd product} {ergonomic}
     bool SegmentedCodeCache                       = true                                      {product} {ergonomic}
   size_t SoftMaxHeapSize                          = 4261412864                             {manageable} {ergonomic}
     bool UseCompressedOops                        = true                           {product lp64_product} {ergonomic}
     bool UseG1GC                                  = true                                      {product} {ergonomic}
     bool UseLargePagesIndividualAllocation        = false                                  {pd product} {ergonomic}

Logging:
Log output configuration:
 #0: stdout all=warning uptime,level,tags foldmultilines=false
 #1: stderr all=off uptime,level,tags foldmultilines=false

Environment Variables:
PATH=C:\Program Files\Common Files\Oracle\Java\javapath;C:\Program Files (x86)\Common Files\Oracle\Java\java8path;C:\Program Files (x86)\Common Files\Oracle\Java\javapath;C:\WINDOWS\system32;C:\WINDOWS;C:\WINDOWS\System32\Wbem;C:\WINDOWS\System32\WindowsPowerShell\v1.0\;C:\WINDOWS\System32\OpenSSH\;C:\Program Files\AutoFirma\AutoFirma;C:\Program Files\Git\cmd;C:\Program Files\dotnet\;C:\Users\jorge\AppData\Local\Programs\Python\Launcher\;C:\Users\jorge\AppData\Local\Microsoft\WindowsApps;C:\Users\jorge\AppData\Local\Programs\Microsoft VS Code\bin;C:\Users\jorge\apache-maven-3.9.8\bin;C:\Users\jorge\AppData\Local\GitHubDesktop\bin;C:\Users\jorge\.dotnet\tools;;C:\Users\jorge\Documents\Scoundrel\jdk\jdk-23.0.2\bin
USERNAME=jorge
OS=Windows_NT
PROCESSOR_IDENTIFIER=AMD64 Family 25 Model 80 Stepping 0, AuthenticAMD
TMP=E:\
TEMP=E:\




Periodic native trim disabled

---------------  S Y S T E M  ---------------

OS:
 Windows 11 , 64 bit Build 26100 (10.0.26100.3323)
OS uptime: 0 days 0:27 hours

CPU: total 12 (initial active 12) (12 cores per cpu, 2 threads per core) family 25 model 80 stepping 0 microcode 0xa50000f, cx8, cmov, fxsr, ht, mmx, 3dnowpref, sse, sse2, sse3, ssse3, sse4a, sse4.1, sse4.2, popcnt, lzcnt, tsc, tscinvbit, avx, avx2, aes, erms, clmul, bmi1, bmi2, adx, sha, fma, vzeroupper, clflush, clflushopt, rdtscp, rdpid, fsrm, f16c, pku, cet_ss
Processor Information for the first 12 processors :
  Max Mhz: 3600, Current Mhz: 3600, Mhz Limit: 3600

Memory: 4k page, system-wide physical 16251M (8811M free)
TotalPageFile size 29051M (AvailPageFile size 21406M)
current process WorkingSet (physical memory assigned to process): 112M, peak: 134M
current process commit charge ("private bytes"): 366M, peak: 388M

vm_info: Java HotSpot(TM) 64-Bit Server VM (23.0.2+7-58) for windows-amd64 JRE (23.0.2+7-58), built on 2024-11-29T09:34:55Z with MS VC++ 17.6 (VS2022)

END.
